// Jest Snapshot v1, https://goo.gl/fbAQLP

exports[`ShopPage should render ShopPage component 1`] = `
<BrowserRouter>
  <Router
    history={
      Object {
        "action": "POP",
        "block": [Function],
        "createHref": [Function],
        "go": [Function],
        "goBack": [Function],
        "goForward": [Function],
        "length": 1,
        "listen": [Function],
        "location": Object {
          "hash": "",
          "pathname": "/",
          "search": "",
          "state": undefined,
        },
        "push": [Function],
        "replace": [Function],
      }
    }
  >
    <Provider
      store={
        Object {
          "@@observable": [Function],
          "dispatch": [Function],
          "getState": [Function],
          "persistor": Object {
            "persist": [Function],
          },
          "replaceReducer": [Function],
          "subscribe": [Function],
        }
      }
    >
      <ShopPage
        fetchCollectionsStart={
          [MockFunction] {
            "calls": Array [
              Array [],
            ],
            "results": Array [
              Object {
                "type": "return",
                "value": undefined,
              },
            ],
          }
        }
        match={
          Object {
            "path": "",
          }
        }
      >
        <styled.div>
          <div
            className="sc-dlfnuX glBeJf"
          >
            <Suspense
              fallback={<Spinner />}
            >
              <Route
                component={
                  Object {
                    "$$typeof": Symbol(react.lazy),
                    "_init": [Function],
                    "_payload": Object {
                      "_result": Object {
                        "$$typeof": Symbol(react.memo),
                        "WrappedComponent": [Function],
                        "compare": null,
                        "type": [Function],
                      },
                      "_status": 1,
                    },
                  }
                }
                exact={true}
                path=""
              />
              <Spinner>
                <styled.div>
                  <div
                    className="sc-bdfBQB dICxcd"
                  >
                    <styled.div>
                      <div
                        className="sc-gsTEea gNVMLA"
                      />
                    </styled.div>
                  </div>
                </styled.div>
              </Spinner>
            </Suspense>
          </div>
        </styled.div>
      </ShopPage>
    </Provider>
  </Router>
</BrowserRouter>
`;
