// Jest Snapshot v1, https://goo.gl/fbAQLP

exports[`CollectionPage should render the CollectionPage component 1`] = `
<Provider
  store={
    Object {
      "clearActions": [Function],
      "dispatch": [Function],
      "getActions": [Function],
      "getState": [Function],
      "replaceReducer": [Function],
      "subscribe": [Function],
    }
  }
>
  <BrowserRouter>
    <Router
      history={
        Object {
          "action": "POP",
          "block": [Function],
          "createHref": [Function],
          "go": [Function],
          "goBack": [Function],
          "goForward": [Function],
          "length": 1,
          "listen": [Function],
          "location": Object {
            "hash": "",
            "pathname": "/",
            "search": "",
            "state": undefined,
          },
          "push": [Function],
          "replace": [Function],
        }
      }
    >
      <CollectionPage
        collection={
          Object {
            "items": Array [
              Object {
                "id": 1,
              },
              Object {
                "id": 2,
              },
              Object {
                "id": 3,
              },
            ],
            "title": "Test",
          }
        }
      >
        <styled.div>
          <div
            className="sc-iBPTik jLHUJN"
          >
            <styled.h2>
              <h2
                className="sc-fubCzh kggWwV"
              >
                Test
              </h2>
            </styled.h2>
            <CollectionItemsStyle>
              <div
                className="sc-pGacB dCTXWU"
              >
                <Connect(withRouter(CollectionItem))
                  item={
                    Object {
                      "id": 1,
                    }
                  }
                  key="1"
                >
                  <withRouter(CollectionItem)
                    addItem={[Function]}
                    item={
                      Object {
                        "id": 1,
                      }
                    }
                  >
                    <CollectionItem
                      addItem={[Function]}
                      history={
                        Object {
                          "action": "POP",
                          "block": [Function],
                          "createHref": [Function],
                          "go": [Function],
                          "goBack": [Function],
                          "goForward": [Function],
                          "length": 1,
                          "listen": [Function],
                          "location": Object {
                            "hash": "",
                            "pathname": "/",
                            "search": "",
                            "state": undefined,
                          },
                          "push": [Function],
                          "replace": [Function],
                        }
                      }
                      item={
                        Object {
                          "id": 1,
                        }
                      }
                      location={
                        Object {
                          "hash": "",
                          "pathname": "/",
                          "search": "",
                          "state": undefined,
                        }
                      }
                      match={
                        Object {
                          "isExact": true,
                          "params": Object {},
                          "path": "/",
                          "url": "/",
                        }
                      }
                    >
                      <CollectionItemStyles>
                        <div
                          className="sc-gsTEea gpvzcy"
                        >
                          <BackgroundImageStyles
                            className="image"
                            onClick={[Function]}
                          >
                            <div
                              className="sc-hKgJUU katQCk image"
                              onClick={[Function]}
                            />
                          </BackgroundImageStyles>
                          <CollectionFooterStyles>
                            <div
                              className="sc-eCstlR hXZTWx"
                            >
                              <NameSpanStyles>
                                <span
                                  className="sc-jSgvzq cpdSLY"
                                />
                              </NameSpanStyles>
                              <PriceSpanStyles>
                                <span
                                  className="sc-gKseQn edKNxZ"
                                >
                                  €
                                </span>
                              </PriceSpanStyles>
                            </div>
                          </CollectionFooterStyles>
                          <AddButtonStyles
                            inverted={true}
                            onClick={[Function]}
                          >
                            <CustomButton
                              className="sc-dlfnuX eznRbH"
                              inverted={true}
                              onClick={[Function]}
                            >
                              <styled.button
                                className="sc-dlfnuX eznRbH"
                                inverted={true}
                                onClick={[Function]}
                              >
                                <button
                                  className="sc-bdfBQB doWsIP sc-dlfnuX eznRbH"
                                  onClick={[Function]}
                                >
                                  Add to cart
                                </button>
                              </styled.button>
                            </CustomButton>
                          </AddButtonStyles>
                        </div>
                      </CollectionItemStyles>
                    </CollectionItem>
                  </withRouter(CollectionItem)>
                </Connect(withRouter(CollectionItem))>
                <Connect(withRouter(CollectionItem))
                  item={
                    Object {
                      "id": 2,
                    }
                  }
                  key="2"
                >
                  <withRouter(CollectionItem)
                    addItem={[Function]}
                    item={
                      Object {
                        "id": 2,
                      }
                    }
                  >
                    <CollectionItem
                      addItem={[Function]}
                      history={
                        Object {
                          "action": "POP",
                          "block": [Function],
                          "createHref": [Function],
                          "go": [Function],
                          "goBack": [Function],
                          "goForward": [Function],
                          "length": 1,
                          "listen": [Function],
                          "location": Object {
                            "hash": "",
                            "pathname": "/",
                            "search": "",
                            "state": undefined,
                          },
                          "push": [Function],
                          "replace": [Function],
                        }
                      }
                      item={
                        Object {
                          "id": 2,
                        }
                      }
                      location={
                        Object {
                          "hash": "",
                          "pathname": "/",
                          "search": "",
                          "state": undefined,
                        }
                      }
                      match={
                        Object {
                          "isExact": true,
                          "params": Object {},
                          "path": "/",
                          "url": "/",
                        }
                      }
                    >
                      <CollectionItemStyles>
                        <div
                          className="sc-gsTEea gpvzcy"
                        >
                          <BackgroundImageStyles
                            className="image"
                            onClick={[Function]}
                          >
                            <div
                              className="sc-hKgJUU katQCk image"
                              onClick={[Function]}
                            />
                          </BackgroundImageStyles>
                          <CollectionFooterStyles>
                            <div
                              className="sc-eCstlR hXZTWx"
                            >
                              <NameSpanStyles>
                                <span
                                  className="sc-jSgvzq cpdSLY"
                                />
                              </NameSpanStyles>
                              <PriceSpanStyles>
                                <span
                                  className="sc-gKseQn edKNxZ"
                                >
                                  €
                                </span>
                              </PriceSpanStyles>
                            </div>
                          </CollectionFooterStyles>
                          <AddButtonStyles
                            inverted={true}
                            onClick={[Function]}
                          >
                            <CustomButton
                              className="sc-dlfnuX eznRbH"
                              inverted={true}
                              onClick={[Function]}
                            >
                              <styled.button
                                className="sc-dlfnuX eznRbH"
                                inverted={true}
                                onClick={[Function]}
                              >
                                <button
                                  className="sc-bdfBQB doWsIP sc-dlfnuX eznRbH"
                                  onClick={[Function]}
                                >
                                  Add to cart
                                </button>
                              </styled.button>
                            </CustomButton>
                          </AddButtonStyles>
                        </div>
                      </CollectionItemStyles>
                    </CollectionItem>
                  </withRouter(CollectionItem)>
                </Connect(withRouter(CollectionItem))>
                <Connect(withRouter(CollectionItem))
                  item={
                    Object {
                      "id": 3,
                    }
                  }
                  key="3"
                >
                  <withRouter(CollectionItem)
                    addItem={[Function]}
                    item={
                      Object {
                        "id": 3,
                      }
                    }
                  >
                    <CollectionItem
                      addItem={[Function]}
                      history={
                        Object {
                          "action": "POP",
                          "block": [Function],
                          "createHref": [Function],
                          "go": [Function],
                          "goBack": [Function],
                          "goForward": [Function],
                          "length": 1,
                          "listen": [Function],
                          "location": Object {
                            "hash": "",
                            "pathname": "/",
                            "search": "",
                            "state": undefined,
                          },
                          "push": [Function],
                          "replace": [Function],
                        }
                      }
                      item={
                        Object {
                          "id": 3,
                        }
                      }
                      location={
                        Object {
                          "hash": "",
                          "pathname": "/",
                          "search": "",
                          "state": undefined,
                        }
                      }
                      match={
                        Object {
                          "isExact": true,
                          "params": Object {},
                          "path": "/",
                          "url": "/",
                        }
                      }
                    >
                      <CollectionItemStyles>
                        <div
                          className="sc-gsTEea gpvzcy"
                        >
                          <BackgroundImageStyles
                            className="image"
                            onClick={[Function]}
                          >
                            <div
                              className="sc-hKgJUU katQCk image"
                              onClick={[Function]}
                            />
                          </BackgroundImageStyles>
                          <CollectionFooterStyles>
                            <div
                              className="sc-eCstlR hXZTWx"
                            >
                              <NameSpanStyles>
                                <span
                                  className="sc-jSgvzq cpdSLY"
                                />
                              </NameSpanStyles>
                              <PriceSpanStyles>
                                <span
                                  className="sc-gKseQn edKNxZ"
                                >
                                  €
                                </span>
                              </PriceSpanStyles>
                            </div>
                          </CollectionFooterStyles>
                          <AddButtonStyles
                            inverted={true}
                            onClick={[Function]}
                          >
                            <CustomButton
                              className="sc-dlfnuX eznRbH"
                              inverted={true}
                              onClick={[Function]}
                            >
                              <styled.button
                                className="sc-dlfnuX eznRbH"
                                inverted={true}
                                onClick={[Function]}
                              >
                                <button
                                  className="sc-bdfBQB doWsIP sc-dlfnuX eznRbH"
                                  onClick={[Function]}
                                >
                                  Add to cart
                                </button>
                              </styled.button>
                            </CustomButton>
                          </AddButtonStyles>
                        </div>
                      </CollectionItemStyles>
                    </CollectionItem>
                  </withRouter(CollectionItem)>
                </Connect(withRouter(CollectionItem))>
              </div>
            </CollectionItemsStyle>
          </div>
        </styled.div>
      </CollectionPage>
    </Router>
  </BrowserRouter>
</Provider>
`;
